RUN fuel

Testing test.nbb.fuel

Ran 3 tests containing 20 assertions.
0 failures, 0 errors.
RUN differential

Testing test.nbb.differential

Ran 1 tests containing 24 assertions.
0 failures, 0 errors.
RUN empty_library

Testing test.nbb.empty-library

Ran 2 tests containing 7 assertions.
0 failures, 0 errors.
RUN js_value

Testing test.nbb.js-value

Ran 2 tests containing 9 assertions.
0 failures, 0 errors.
RUN js_operations

Testing test.nbb.js-operations

Ran 2 tests containing 11 assertions.
0 failures, 0 errors.
RUN js_branding

Testing test.nbb.js-branding

Ran 2 tests containing 20 assertions.
0 failures, 0 errors.
RUN js_undefined

Testing test.nbb.js-undefined

Ran 2 tests containing 6 assertions.
0 failures, 0 errors.
RUN js_captures

Testing test.nbb.js-captures

Ran 7 tests containing 16 assertions.
0 failures, 0 errors.
RUN js_descriptor

Testing kotoba.script.js-value-test

Ran 2 tests containing 52 assertions.
0 failures, 0 errors.
RUN empty_records

Testing test.nbb.empty-records

Ran 3 tests containing 7 assertions.
0 failures, 0 errors.
RUN parity
ok   emit parity atan2-kir (63421 bytes)
ok   emit parity bool-option-kir (64036 bytes)
ok   emit parity bounded-maps-kir (63597 bytes)
ok   emit parity bounded-strings-kir (63616 bytes)
ok   emit parity bounded-trig-kir (63516 bytes)
ok   emit parity bytes-kir (63503 bytes)
ok   emit parity cap-call-v3-kir (62519 bytes)
ok   emit parity closure-dispatcher-kir (64163 bytes)
ok   emit parity closure-refinement-kir (63610 bytes)
ok   emit parity decimal-f64-kir (63501 bytes)
ok   emit parity decimal-f64x3-kir (63613 bytes)
ok   emit parity deep-self-recursion-kir (63730 bytes)
ok   emit parity do-kir (63528 bytes)
ok   emit parity document-edn-kir (66862 bytes)
ok   emit parity document-kir (65031 bytes)
ok   emit parity document-sha256-kir (64029 bytes)
ok   emit parity document-vector-kir (64939 bytes)
ok   emit parity equality-v3-kir (62514 bytes)
ok   emit parity explicit-exports-kir (62630 bytes)
ok   emit parity f32-profile-kir (65044 bytes)
ok   emit parity f64-arithmetic-kir (64577 bytes)
ok   emit parity f64-bits-kir (63964 bytes)
ok   emit parity f64-i64-conversion-kir (63870 bytes)
ok   emit parity float-sqrt-min-max-kir (64315 bytes)
ok   emit parity generated-identifier-kir (62867 bytes)
ok   emit parity generic-option-kir (64125 bytes)
ok   emit parity hetero-vector-kir (65631 bytes)
ok   emit parity i32-profile-kir (64571 bytes)
ok   emit parity keyword-from-string-kir (63395 bytes)
ok   emit parity keywords-kir (63623 bytes)
ok   emit parity kir (62644 bytes)
ok   emit parity library-kir (62538 bytes)
ok   emit parity module-graph-kir (62929 bytes)
ok   emit parity near-zero-exp-log-kir (63517 bytes)
ok   emit parity pair-chain-kir (63585 bytes)
ok   emit parity pair-equality-v3-kir (62607 bytes)
ok   emit parity parametric-result-kir (64624 bytes)
ok   emit parity quarter-turn-trig-kir (63524 bytes)
ok   emit parity record-kir (67273 bytes)
ok   emit parity result-i64-kir (64113 bytes)
ok   emit parity result-match-kir (63617 bytes)
ok   emit parity self-tail-call-argument-order-kir (63761 bytes)
ok   emit parity shadow-kir (63961 bytes)
ok   emit parity string-contains-fold-kir (63986 bytes)
ok   emit parity string-index-disjoint-set-kir (64118 bytes)
ok   emit parity string-index-of-kir (63666 bytes)
ok   emit parity string-replace-kir (63564 bytes)
ok   emit parity structured-f64-kir (65959 bytes)
ok   emit parity substring-boundary-kir (63571 bytes)
ok   emit parity supply-chain-kir (62902 bytes)
ok   emit parity symbol-kir (63406 bytes)
ok   emit parity typed-cap-call-i64-kir (63357 bytes)
ok   emit parity typed-cap-call-string-kir (63384 bytes)
ok   emit parity typed-cap-call-variant-kir (64713 bytes)
ok   emit parity typed-list-kir (63767 bytes)
ok   emit parity typed-list-nth-kir (64167 bytes)
ok   emit parity typed-map-keys-vals-kir (64399 bytes)
ok   emit parity typed-map-kir (64713 bytes)
ok   emit parity typed-set-kir (65898 bytes)
ok   emit parity validate-once-kir (65292 bytes)
ok   emit parity variant-kir (64512 bytes)
ok   emit parity vector-at-kir (63379 bytes)
ok   emit parity vector-f64-kir (64890 bytes)
ok   emit parity vector-i64-kir (64886 bytes)
ok   emit parity wide-exp-log-kir (63516 bytes)
ok   emit parity xml-subset-kir (64888 bytes)
ok   f64 0.5
ok   f64 1.5
ok   f64 100.0
ok   f64 0.001
ok   f64 9.0E-4
ok   f64 1234567.0
ok   f64 1.2345678E7
ok   f64 1.0E7
ok   f64 1.0E21
ok   f64 1.5E-5
ok   f64 123.456
ok   f64 9999999.0
ok   f64 3.141592653589793
ok   f64 1.0E300
ok   f64 4.9E-324
ok   f64 2.2250738585072014E-308
ok   f64 0.1
ok   f64 100.5
ok   f64 -2.5E10
ok   f64 1.0E-7
ok   f64 -0.001
ok   f64 0.001
ok   f64 0.30000000000000004
ok   f64 1234.5
ok   f64 7.205759403792794E16
ok   f64 1.7976931348623157E308
ok   f64 -1.0
ok   f64 2.0
ok   f64 10.0
ok   f64-literal Number.NaN
ok   f64-literal Number.POSITIVE_INFINITY
ok   f64-literal Number.NEGATIVE_INFINITY
ok   f64-literal 0.5
ok   module runs under Node: main() = 42
ok   verifier ambient global -> :ambient-global
ok   verifier forbidden property -> :forbidden-property
ok   verifier dynamic import -> :dynamic-import
ok   verifier string literal is data, not code -> accepted
ok   a self tail call does not grow the stack (200,000 deep)
ok   the loop is still charged once per call (fuel 100 stops it)
ok   only the self-recursive function became a loop
ok   a self tail call evaluates every argument before assigning any
ok   substring reports a boundary only when there is one
GOLDENS 66 bytes 4223966
SCANNED 109 failed 0
